// Vitest Snapshot v1, https://vitest.dev/guide/snapshot.html

exports[`Messages > should render the Direct Message Component 1`] = `
{
  "asFragment": [Function],
  "baseElement": <body>
    <div>
      <div
        class="MuiContainer-root MuiContainer-maxWidthLg css-emql7a-MuiContainer-root"
      >
        <div
          class="MuiGrid-root MuiGrid-container MuiGrid-spacing-xs-2 css-mhc70k-MuiGrid-root"
        >
          <div
            class="MuiGrid-root MuiGrid-item MuiGrid-grid-xs-4 MuiGrid-grid-sm-6 MuiGrid-grid-md-4 css-1k23dfp-MuiGrid-root"
          >
            <div
              class="MuiPaper-root MuiPaper-elevation MuiPaper-rounded MuiPaper-elevation3 css-1tiru08-MuiPaper-root"
            >
              <div
                class="MuiStack-root css-1fdhh1r-MuiStack-root"
              >
                <h1
                  class="MuiTypography-root MuiTypography-h5 css-oahfe1-MuiTypography-root"
                >
                  Direct Message
                </h1>
                <button
                  aria-label="add chat"
                  class="MuiButtonBase-root MuiIconButton-root MuiIconButton-sizeMedium css-78trlr-MuiButtonBase-root-MuiIconButton-root"
                  tabindex="0"
                  type="button"
                >
                  <svg
                    aria-hidden="true"
                    class="MuiSvgIcon-root MuiSvgIcon-fontSizeMedium css-i4bv87-MuiSvgIcon-root"
                    data-testid="AddIcon"
                    focusable="false"
                    viewBox="0 0 24 24"
                  >
                    <path
                      d="M19 13h-6v6h-2v-6H5v-2h6V5h2v6h6z"
                    />
                  </svg>
                  <span
                    class="MuiTouchRipple-root css-8je8zh-MuiTouchRipple-root"
                  />
                </button>
              </div>
            </div>
          </div>
          <div
            class="MuiGrid-root MuiGrid-item MuiGrid-grid-xs-8 css-vok43g-MuiGrid-root"
          >
            <div
              class="MuiStack-root css-llo7ln-MuiStack-root"
              test-id="no-direct-messages"
            >
              <h3
                class="MuiTypography-root MuiTypography-h3 css-1wlq30w-MuiTypography-root"
              >
                No direct messages
              </h3>
              <p
                class="MuiTypography-root MuiTypography-h6 css-2ulfj5-MuiTypography-root"
              >
                Start a conversation by adding a new chat
              </p>
            </div>
          </div>
        </div>
      </div>
    </div>
  </body>,
  "container": <div>
    <div
      class="MuiContainer-root MuiContainer-maxWidthLg css-emql7a-MuiContainer-root"
    >
      <div
        class="MuiGrid-root MuiGrid-container MuiGrid-spacing-xs-2 css-mhc70k-MuiGrid-root"
      >
        <div
          class="MuiGrid-root MuiGrid-item MuiGrid-grid-xs-4 MuiGrid-grid-sm-6 MuiGrid-grid-md-4 css-1k23dfp-MuiGrid-root"
        >
          <div
            class="MuiPaper-root MuiPaper-elevation MuiPaper-rounded MuiPaper-elevation3 css-1tiru08-MuiPaper-root"
          >
            <div
              class="MuiStack-root css-1fdhh1r-MuiStack-root"
            >
              <h1
                class="MuiTypography-root MuiTypography-h5 css-oahfe1-MuiTypography-root"
              >
                Direct Message
              </h1>
              <button
                aria-label="add chat"
                class="MuiButtonBase-root MuiIconButton-root MuiIconButton-sizeMedium css-78trlr-MuiButtonBase-root-MuiIconButton-root"
                tabindex="0"
                type="button"
              >
                <svg
                  aria-hidden="true"
                  class="MuiSvgIcon-root MuiSvgIcon-fontSizeMedium css-i4bv87-MuiSvgIcon-root"
                  data-testid="AddIcon"
                  focusable="false"
                  viewBox="0 0 24 24"
                >
                  <path
                    d="M19 13h-6v6h-2v-6H5v-2h6V5h2v6h6z"
                  />
                </svg>
                <span
                  class="MuiTouchRipple-root css-8je8zh-MuiTouchRipple-root"
                />
              </button>
            </div>
          </div>
        </div>
        <div
          class="MuiGrid-root MuiGrid-item MuiGrid-grid-xs-8 css-vok43g-MuiGrid-root"
        >
          <div
            class="MuiStack-root css-llo7ln-MuiStack-root"
            test-id="no-direct-messages"
          >
            <h3
              class="MuiTypography-root MuiTypography-h3 css-1wlq30w-MuiTypography-root"
            >
              No direct messages
            </h3>
            <p
              class="MuiTypography-root MuiTypography-h6 css-2ulfj5-MuiTypography-root"
            >
              Start a conversation by adding a new chat
            </p>
          </div>
        </div>
      </div>
    </div>
  </div>,
  "debug": [Function],
  "findAllByAltText": [Function],
  "findAllByDisplayValue": [Function],
  "findAllByLabelText": [Function],
  "findAllByPlaceholderText": [Function],
  "findAllByRole": [Function],
  "findAllByTestId": [Function],
  "findAllByText": [Function],
  "findAllByTitle": [Function],
  "findByAltText": [Function],
  "findByDisplayValue": [Function],
  "findByLabelText": [Function],
  "findByPlaceholderText": [Function],
  "findByRole": [Function],
  "findByTestId": [Function],
  "findByText": [Function],
  "findByTitle": [Function],
  "getAllByAltText": [Function],
  "getAllByDisplayValue": [Function],
  "getAllByLabelText": [Function],
  "getAllByPlaceholderText": [Function],
  "getAllByRole": [Function],
  "getAllByTestId": [Function],
  "getAllByText": [Function],
  "getAllByTitle": [Function],
  "getByAltText": [Function],
  "getByDisplayValue": [Function],
  "getByLabelText": [Function],
  "getByPlaceholderText": [Function],
  "getByRole": [Function],
  "getByTestId": [Function],
  "getByText": [Function],
  "getByTitle": [Function],
  "queryAllByAltText": [Function],
  "queryAllByDisplayValue": [Function],
  "queryAllByLabelText": [Function],
  "queryAllByPlaceholderText": [Function],
  "queryAllByRole": [Function],
  "queryAllByTestId": [Function],
  "queryAllByText": [Function],
  "queryAllByTitle": [Function],
  "queryByAltText": [Function],
  "queryByDisplayValue": [Function],
  "queryByLabelText": [Function],
  "queryByPlaceholderText": [Function],
  "queryByRole": [Function],
  "queryByTestId": [Function],
  "queryByText": [Function],
  "queryByTitle": [Function],
  "rerender": [Function],
  "unmount": [Function],
}
`;
